\BOOKMARK [1][-]{section.1}{\376\377\006\176\006\061\006\063\006\064\000\040\0001}{}% 1
\BOOKMARK [1][-]{section.2}{\376\377\006\176\006\061\006\063\006\064\000\040\0002}{}% 2
\BOOKMARK [2][-]{subsection.2.1}{\376\377\0002\000.\0001\000.\0001}{section.2}% 3
\BOOKMARK [3][-]{subsubsection.2.1.1}{\376\377\0002\000.\0001\000.\0002}{subsection.2.1}% 4
\BOOKMARK [3][-]{subsubsection.2.1.2}{\376\377\0002\000.\0001\000.\0003}{subsection.2.1}% 5
\BOOKMARK [3][-]{subsubsection.2.1.3}{\376\377\0002\000.\0001\000.\0004}{subsection.2.1}% 6
\BOOKMARK [2][-]{subsection.2.2}{\376\377\0002\000.\0002}{section.2}% 7
\BOOKMARK [3][-]{subsubsection.2.2.1}{\376\377\0002\000.\0002\000.\0001}{subsection.2.2}% 8
\BOOKMARK [2][-]{subsection.2.3}{\376\377\0002\000.\0003}{section.2}% 9
\BOOKMARK [2][-]{subsection.2.4}{\376\377\0002\000.\0004}{section.2}% 10
\BOOKMARK [3][-]{subsubsection.2.4.1}{\376\377\0002\000.\0004\000.\0001}{subsection.2.4}% 11
\BOOKMARK [3][-]{subsubsection.2.4.2}{\376\377\0002\000.\0004\000.\0002}{subsection.2.4}% 12
\BOOKMARK [2][-]{subsection.2.5}{\376\377\0002\000.\0005}{section.2}% 13
\BOOKMARK [2][-]{subsection.2.6}{\376\377\0002\000.\0006}{section.2}% 14
\BOOKMARK [1][-]{section.3}{\376\377\006\176\006\061\006\063\006\064\000\040\0003}{}% 15
\BOOKMARK [2][-]{subsection.3.1}{\376\377\006\042\006\105\006\110\006\062\006\064\000\040\006\105\006\057\006\104\000\040\006\050\006\061\000\040\006\047\006\063\006\047\006\063\000\040\006\047\006\104\006\257\006\110\006\061\006\314\006\052\006\105\000\040\000Q\000-\000L\000e\000a\000r\000n\000i\000n\000g}{section.3}% 16
\BOOKMARK [2][-]{subsection.3.2}{\376\377\006\042\006\105\006\110\006\062\006\064\000\040\006\105\006\057\006\104\000\040\000D\000Q\000N}{section.3}% 17
\BOOKMARK [2][-]{subsection.3.3}{\376\377\006\071\006\105\006\104\006\251\006\061\006\057\000\040\000P\000o\000l\000i\000c\000y}{section.3}% 18
\BOOKMARK [2][-]{subsection.3.4}{\376\377\006\052\006\047\006\053\006\314\006\061\000\040\006\047\006\176\006\063\006\314\006\104\006\110\006\106}{section.3}% 19
\BOOKMARK [2][-]{subsection.3.5}{\376\377\006\050\006\061\006\061\006\063\006\314\000\040\006\251\006\047\006\061\006\047\006\314\006\314}{section.3}% 20
\BOOKMARK [2][-]{subsection.3.6}{\376\377\006\063\006\047\006\056\006\052\006\047\006\061\000\040\006\105\006\057\006\104\000\040\000D\000Q\000N}{section.3}% 21
