\BOOKMARK [1][-]{section.1}{\376\377\0001\000.\000S\000V\000M}{}% 1
\BOOKMARK [2][-]{subsection.1.1}{\376\377\0001\000.\0001}{section.1}% 2
\BOOKMARK [2][-]{subsection.1.2}{\376\377\0001\000.\0002}{section.1}% 3
\BOOKMARK [3][-]{subsubsection.1.2.1}{\376\377\0001\000.\0002\000.\0001}{subsection.1.2}% 4
\BOOKMARK [3][-]{subsubsection.1.2.2}{\376\377\0001\000.\0002\000.\0002}{subsection.1.2}% 5
\BOOKMARK [3][-]{subsubsection.1.2.3}{\376\377\0001\000.\0002\000.\0003}{subsection.1.2}% 6
\BOOKMARK [3][-]{subsubsection.1.2.4}{\376\377\0001\000.\0002\000.\0004}{subsection.1.2}% 7
\BOOKMARK [3][-]{subsubsection.1.2.5}{\376\377\0001\000.\0002\000.\0005}{subsection.1.2}% 8
\BOOKMARK [3][-]{subsubsection.1.2.6}{\376\377\0001\000.\0002\000.\0006}{subsection.1.2}% 9
\BOOKMARK [3][-]{subsubsection.1.2.7}{\376\377\0001\000.\0002\000.\0007}{subsection.1.2}% 10
\BOOKMARK [3][-]{subsubsection.1.2.8}{\376\377\0001\000.\0002\000.\0008}{subsection.1.2}% 11
\BOOKMARK [3][-]{subsubsection.1.2.9}{\376\377\0001\000.\0002\000.\0009}{subsection.1.2}% 12
\BOOKMARK [3][-]{subsubsection.1.2.10}{\376\377\0001\000.\0002\000.\0001\0000}{subsection.1.2}% 13
\BOOKMARK [3][-]{subsubsection.1.2.11}{\376\377\0001\000.\0002\000.\0001\0001}{subsection.1.2}% 14
\BOOKMARK [3][-]{subsubsection.1.2.12}{\376\377\0001\000.\0002\000.\0001\0002}{subsection.1.2}% 15
\BOOKMARK [3][-]{subsubsection.1.2.13}{\376\377\0001\000.\0002\000.\0001\0003}{subsection.1.2}% 16
\BOOKMARK [3][-]{subsubsection.1.2.14}{\376\377\0001\000.\0002\000.\0001\0004}{subsection.1.2}% 17
\BOOKMARK [3][-]{subsubsection.1.2.15}{\376\377\0001\000.\0002\000.\0001\0005}{subsection.1.2}% 18
\BOOKMARK [2][-]{subsection.1.3}{\376\377\0001\000.\0003}{section.1}% 19
\BOOKMARK [3][-]{subsubsection.1.3.1}{\376\377\0001\000.\0003\000.\0002}{subsection.1.3}% 20
\BOOKMARK [3][-]{subsubsection.1.3.2}{\376\377\0001\000.\0003\000.\0003}{subsection.1.3}% 21
\BOOKMARK [3][-]{subsubsection.1.3.3}{\376\377\0001\000.\0003\000.\0004}{subsection.1.3}% 22
\BOOKMARK [3][-]{subsubsection.1.3.4}{\376\377\0001\000.\0003\000.\0005}{subsection.1.3}% 23
\BOOKMARK [3][-]{subsubsection.1.3.5}{\376\377\0001\000.\0003\000.\0006}{subsection.1.3}% 24
\BOOKMARK [1][-]{section.2}{\376\377\006\251\006\047\006\107\006\064\000\040\006\047\006\050\006\071\006\047\006\057}{}% 25
\BOOKMARK [2][-]{subsection.2.1}{\376\377\006\063\006\110\006\047\006\104\006\047\006\052}{section.2}% 26
\BOOKMARK [3][-]{subsubsection.2.1.1}{\376\377\006\047\006\104\006\101}{subsection.2.1}% 27
\BOOKMARK [3][-]{subsubsection.2.1.2}{\376\377\006\050}{subsection.2.1}% 28
\BOOKMARK [3][-]{subsubsection.2.1.3}{\376\377\006\054}{subsection.2.1}% 29
\BOOKMARK [3][-]{subsubsection.2.1.4}{\376\377\006\057}{subsection.2.1}% 30
\BOOKMARK [3][-]{subsubsection.2.1.5}{\376\377\006\107}{subsection.2.1}% 31
\BOOKMARK [3][-]{subsubsection.2.1.6}{\376\377\006\110}{subsection.2.1}% 32
\BOOKMARK [3][-]{subsubsection.2.1.7}{\376\377\006\062}{subsection.2.1}% 33
\BOOKMARK [2][-]{subsection.2.2}{\376\377\006\047\006\105\006\052\006\314\006\047\006\062\006\314}{section.2}% 34
